// Jest Snapshot v1, https://goo.gl/fbAQLP

exports[`Snapshot::<Header /> component should render the contents of the component. 1`] = `
<header
  className="header Header__Header-te6fwh-0 ldnsLH"
>
  <h1
    className="header--siteName"
  >
    Entity blog
  </h1>
  <div
    className="header--slogan"
  >
    Whatever, whenever, this is for me.
  </div>
</header>
`;
